
> xiri-conciergerie---gestion-airbnb-en-corse@0.0.0 build
> astro build

[2m17:52:23[22m [34m[content][39m Syncing content
[2m17:52:23[22m [34m[content][39m Synced content
[2m17:52:23[22m [34m[types][39m Generated [2m86ms[22m
[2m17:52:23[22m [34m[build][39m output: [34m"static"[39m
[2m17:52:23[22m [34m[build][39m mode: [34m"static"[39m
[2m17:52:23[22m [34m[build][39m directory: [34mC:\Users\Perso\Desktop\SITES WEB\xiri-conciergerie---gestion-airbnb-en-corse\dist\[39m
[2m17:52:23[22m [34m[build][39m Collecting build info...
[2m17:52:23[22m [34m[build][39m [32mÔ£ô Completed in 305ms.[39m
[2m17:52:23[22m [34m[build][39m Building static entrypoints...
node.exe : 
[31m[1m17:52:26[22m 
[ERROR] [vite][39m 
[31mÔ£ù[39m Build failed 
in 3.13s
Au caractère Ligne:1 : 1
+ & "C:\Program 
Files\nodejs/node.exe" 
"C:\Program 
Files\nodejs/node_mo ...
+ ~~~~~~~~~~~~~~~~~~~~~~~~~~~
~~~~~~~~~~~~~~~~~~~~~~~~~~~~~
~~~~~~~~~~~~~
    + CategoryInfo           
   : NotSpecified: ([31m[  
  1m17:52:...failed in 3.1   
 3s:String) [], RemoteExc    
eption
    + FullyQualifiedErrorId  
   : NativeCommandError
 
[vite]: Rollup failed to 
resolve import 
"framer-motion" from "C:/User
s/Perso/Desktop/SITES WEB/xir
i-conciergerie---gestion-airb
nb-en-corse/src/components/AI
Simulator.tsx".
This is most likely 
unintended because it can 
break your application at 
runtime.
If you do want to 
externalize this module 
explicitly add it to
`build.rollupOptions.external
`
  [1mStack trace:[22m
[2m    at viteLog (file:///C
:/Users/Perso/Desktop/SITES%2
0WEB/xiri-conciergerie---gest
ion-airbnb-en-corse/node_modu
les/vite/dist/node/chunks/dep
-D4NMHUTW.js:46374:15)
    at onwarn (file:///C:/Use
rs/Perso/Desktop/SITES%20WEB/
xiri-conciergerie---gestion-a
irbnb-en-corse/node_modules/@
vitejs/plugin-react/dist/inde
x.js:90:7)
    at onRollupLog (file:///C
:/Users/Perso/Desktop/SITES%2
0WEB/xiri-conciergerie---gest
ion-airbnb-en-corse/node_modu
les/vite/dist/node/chunks/dep
-D4NMHUTW.js:46422:5)
    at file:///C:/Users/Perso
/Desktop/SITES%20WEB/xiri-con
ciergerie---gestion-airbnb-en
-corse/node_modules/rollup/di
st/es/shared/node-entry.js:20
958:32
    at ModuleLoader.handleInv
alidResolvedId (file:///C:/Us
ers/Perso/Desktop/SITES%20WEB
/xiri-conciergerie---gestion-
airbnb-en-corse/node_modules/
rollup/dist/es/shared/node-en
try.js:21689:26)[22m
